Archive member included to satisfy reference by file (symbol)

c:/st/stm32cubeide_1.3.0/stm32cubeide/plugins/com.st.stm32cube.ide.mcu.externaltools.gnu-tools-for-stm32.7-2018-q2-update.win32_1.0.0.201904181610/tools/bin/../lib/gcc/arm-none-eabi/7.3.1/../../../../arm-none-eabi/lib/thumb/v7e-m/fpv4-sp/hard\libc_nano.a(lib_a-exit.o)
                              c:/st/stm32cubeide_1.3.0/stm32cubeide/plugins/com.st.stm32cube.ide.mcu.externaltools.gnu-tools-for-stm32.7-2018-q2-update.win32_1.0.0.201904181610/tools/bin/../lib/gcc/arm-none-eabi/7.3.1/../../../../arm-none-eabi/lib/thumb/v7e-m/fpv4-sp/hard/crt0.o (exit)
c:/st/stm32cubeide_1.3.0/stm32cubeide/plugins/com.st.stm32cube.ide.mcu.externaltools.gnu-tools-for-stm32.7-2018-q2-update.win32_1.0.0.201904181610/tools/bin/../lib/gcc/arm-none-eabi/7.3.1/../../../../arm-none-eabi/lib/thumb/v7e-m/fpv4-sp/hard\libc_nano.a(lib_a-impure.o)
                              c:/st/stm32cubeide_1.3.0/stm32cubeide/plugins/com.st.stm32cube.ide.mcu.externaltools.gnu-tools-for-stm32.7-2018-q2-update.win32_1.0.0.201904181610/tools/bin/../lib/gcc/arm-none-eabi/7.3.1/../../../../arm-none-eabi/lib/thumb/v7e-m/fpv4-sp/hard\libc_nano.a(lib_a-exit.o) (_global_impure_ptr)
c:/st/stm32cubeide_1.3.0/stm32cubeide/plugins/com.st.stm32cube.ide.mcu.externaltools.gnu-tools-for-stm32.7-2018-q2-update.win32_1.0.0.201904181610/tools/bin/../lib/gcc/arm-none-eabi/7.3.1/../../../../arm-none-eabi/lib/thumb/v7e-m/fpv4-sp/hard\libc_nano.a(lib_a-init.o)
                              c:/st/stm32cubeide_1.3.0/stm32cubeide/plugins/com.st.stm32cube.ide.mcu.externaltools.gnu-tools-for-stm32.7-2018-q2-update.win32_1.0.0.201904181610/tools/bin/../lib/gcc/arm-none-eabi/7.3.1/../../../../arm-none-eabi/lib/thumb/v7e-m/fpv4-sp/hard/crt0.o (__libc_init_array)
c:/st/stm32cubeide_1.3.0/stm32cubeide/plugins/com.st.stm32cube.ide.mcu.externaltools.gnu-tools-for-stm32.7-2018-q2-update.win32_1.0.0.201904181610/tools/bin/../lib/gcc/arm-none-eabi/7.3.1/../../../../arm-none-eabi/lib/thumb/v7e-m/fpv4-sp/hard\libc_nano.a(lib_a-memset.o)
                              c:/st/stm32cubeide_1.3.0/stm32cubeide/plugins/com.st.stm32cube.ide.mcu.externaltools.gnu-tools-for-stm32.7-2018-q2-update.win32_1.0.0.201904181610/tools/bin/../lib/gcc/arm-none-eabi/7.3.1/../../../../arm-none-eabi/lib/thumb/v7e-m/fpv4-sp/hard/crt0.o (memset)
c:/st/stm32cubeide_1.3.0/stm32cubeide/plugins/com.st.stm32cube.ide.mcu.externaltools.gnu-tools-for-stm32.7-2018-q2-update.win32_1.0.0.201904181610/tools/bin/../lib/gcc/arm-none-eabi/7.3.1/thumb/v7e-m/fpv4-sp/hard\libgcc.a(_aeabi_uldivmod.o)
                              Drivers/STM32F4xx_HAL_Driver/Src/stm32f4xx_hal_rcc.o (__aeabi_uldivmod)
c:/st/stm32cubeide_1.3.0/stm32cubeide/plugins/com.st.stm32cube.ide.mcu.externaltools.gnu-tools-for-stm32.7-2018-q2-update.win32_1.0.0.201904181610/tools/bin/../lib/gcc/arm-none-eabi/7.3.1/thumb/v7e-m/fpv4-sp/hard\libgcc.a(_udivmoddi4.o)
                              c:/st/stm32cubeide_1.3.0/stm32cubeide/plugins/com.st.stm32cube.ide.mcu.externaltools.gnu-tools-for-stm32.7-2018-q2-update.win32_1.0.0.201904181610/tools/bin/../lib/gcc/arm-none-eabi/7.3.1/thumb/v7e-m/fpv4-sp/hard\libgcc.a(_aeabi_uldivmod.o) (__udivmoddi4)
c:/st/stm32cubeide_1.3.0/stm32cubeide/plugins/com.st.stm32cube.ide.mcu.externaltools.gnu-tools-for-stm32.7-2018-q2-update.win32_1.0.0.201904181610/tools/bin/../lib/gcc/arm-none-eabi/7.3.1/thumb/v7e-m/fpv4-sp/hard\libgcc.a(_dvmd_tls.o)
                              c:/st/stm32cubeide_1.3.0/stm32cubeide/plugins/com.st.stm32cube.ide.mcu.externaltools.gnu-tools-for-stm32.7-2018-q2-update.win32_1.0.0.201904181610/tools/bin/../lib/gcc/arm-none-eabi/7.3.1/thumb/v7e-m/fpv4-sp/hard\libgcc.a(_aeabi_uldivmod.o) (__aeabi_ldiv0)
c:/st/stm32cubeide_1.3.0/stm32cubeide/plugins/com.st.stm32cube.ide.mcu.externaltools.gnu-tools-for-stm32.7-2018-q2-update.win32_1.0.0.201904181610/tools/bin/../lib/gcc/arm-none-eabi/7.3.1/../../../../arm-none-eabi/lib/thumb/v7e-m/fpv4-sp/hard\libnosys.a(_exit.o)
                              c:/st/stm32cubeide_1.3.0/stm32cubeide/plugins/com.st.stm32cube.ide.mcu.externaltools.gnu-tools-for-stm32.7-2018-q2-update.win32_1.0.0.201904181610/tools/bin/../lib/gcc/arm-none-eabi/7.3.1/../../../../arm-none-eabi/lib/thumb/v7e-m/fpv4-sp/hard\libc_nano.a(lib_a-exit.o) (_exit)

Allocating common symbols
Common symbol       size              file

uwTick              0x4               Drivers/STM32F4xx_HAL_Driver/Src/stm32f4xx_hal.o
pFlash              0x20              Drivers/STM32F4xx_HAL_Driver/Src/stm32f4xx_hal_flash.o
pulse               0x2               Core/Src/main.o
hTimer2             0x40              Core/Src/main.o

Discarded input sections

 .text          0x0000000000000000        0x0 c:/st/stm32cubeide_1.3.0/stm32cubeide/plugins/com.st.stm32cube.ide.mcu.externaltools.gnu-tools-for-stm32.7-2018-q2-update.win32_1.0.0.201904181610/tools/bin/../lib/gcc/arm-none-eabi/7.3.1/thumb/v7e-m/fpv4-sp/hard/crti.o
[...]
Memory Configuration

Name             Origin             Length             Attributes
RAM              0x0000000020000000 0x0000000000018000 xrw
FLASH            0x0000000008000000 0x0000000000080000 xr
*default*        0x0000000000000000 0xffffffffffffffff

Linker script and memory map

LOAD c:/st/stm32cubeide_1.3.0/stm32cubeide/plugins/com.st.stm32cube.ide.mcu.externaltools.gnu-tools-for-stm32.7-2018-q2-update.win32_1.0.0.201904181610/tools/bin/../lib/gcc/arm-none-eabi/7.3.1/thumb/v7e-m/fpv4-sp/hard/crti.o
LOAD c:/st/stm32cubeide_1.3.0/stm32cubeide/plugins/com.st.stm32cube.ide.mcu.externaltools.gnu-tools-for-stm32.7-2018-q2-update.win32_1.0.0.201904181610/tools/bin/../lib/gcc/arm-none-eabi/7.3.1/thumb/v7e-m/fpv4-sp/hard/crtbegin.o
LOAD c:/st/stm32cubeide_1.3.0/stm32cubeide/plugins/com.st.stm32cube.ide.mcu.externaltools.gnu-tools-for-stm32.7-2018-q2-update.win32_1.0.0.201904181610/tools/bin/../lib/gcc/arm-none-eabi/7.3.1/../../../../arm-none-eabi/lib/thumb/v7e-m/fpv4-sp/hard/crt0.o
LOAD Core/Src/it.o
LOAD Core/Src/main.o
LOAD Core/Src/msp.o
LOAD Core/Src/system_stm32f4xx.o
LOAD Core/Startup/startup_stm32f401retx.o
LOAD Drivers/STM32F4xx_HAL_Driver/Src/stm32f4xx_hal.o
LOAD Drivers/STM32F4xx_HAL_Driver/Src/stm32f4xx_hal_cortex.o
LOAD Drivers/STM32F4xx_HAL_Driver/Src/stm32f4xx_hal_dma.o
LOAD Drivers/STM32F4xx_HAL_Driver/Src/stm32f4xx_hal_dma_ex.o
LOAD Drivers/STM32F4xx_HAL_Driver/Src/stm32f4xx_hal_exti.o
LOAD Drivers/STM32F4xx_HAL_Driver/Src/stm32f4xx_hal_flash.o
LOAD Drivers/STM32F4xx_HAL_Driver/Src/stm32f4xx_hal_flash_ex.o
LOAD Drivers/STM32F4xx_HAL_Driver/Src/stm32f4xx_hal_flash_ramfunc.o
LOAD Drivers/STM32F4xx_HAL_Driver/Src/stm32f4xx_hal_gpio.o
LOAD Drivers/STM32F4xx_HAL_Driver/Src/stm32f4xx_hal_pwr.o
LOAD Drivers/STM32F4xx_HAL_Driver/Src/stm32f4xx_hal_pwr_ex.o
LOAD Drivers/STM32F4xx_HAL_Driver/Src/stm32f4xx_hal_rcc.o
LOAD Drivers/STM32F4xx_HAL_Driver/Src/stm32f4xx_hal_rcc_ex.o
LOAD Drivers/STM32F4xx_HAL_Driver/Src/stm32f4xx_hal_tim.o
LOAD Drivers/STM32F4xx_HAL_Driver/Src/stm32f4xx_hal_tim_ex.o
LOAD Drivers/STM32F4xx_HAL_Driver/Src/stm32f4xx_hal_uart.o
START GROUP
LOAD c:/st/stm32cubeide_1.3.0/stm32cubeide/plugins/com.st.stm32cube.ide.mcu.externaltools.gnu-tools-for-stm32.7-2018-q2-update.win32_1.0.0.201904181610/tools/bin/../lib/gcc/arm-none-eabi/7.3.1/../../../../arm-none-eabi/lib/thumb/v7e-m/fpv4-sp/hard\libc_nano.a
LOAD c:/st/stm32cubeide_1.3.0/stm32cubeide/plugins/com.st.stm32cube.ide.mcu.externaltools.gnu-tools-for-stm32.7-2018-q2-update.win32_1.0.0.201904181610/tools/bin/../lib/gcc/arm-none-eabi/7.3.1/../../../../arm-none-eabi/lib/thumb/v7e-m/fpv4-sp/hard\libm.a
END GROUP
START GROUP
LOAD c:/st/stm32cubeide_1.3.0/stm32cubeide/plugins/com.st.stm32cube.ide.mcu.externaltools.gnu-tools-for-stm32.7-2018-q2-update.win32_1.0.0.201904181610/tools/bin/../lib/gcc/arm-none-eabi/7.3.1/thumb/v7e-m/fpv4-sp/hard\libgcc.a
LOAD c:/st/stm32cubeide_1.3.0/stm32cubeide/plugins/com.st.stm32cube.ide.mcu.externaltools.gnu-tools-for-stm32.7-2018-q2-update.win32_1.0.0.201904181610/tools/bin/../lib/gcc/arm-none-eabi/7.3.1/../../../../arm-none-eabi/lib/thumb/v7e-m/fpv4-sp/hard\libc_nano.a
END GROUP
START GROUP
LOAD c:/st/stm32cubeide_1.3.0/stm32cubeide/plugins/com.st.stm32cube.ide.mcu.externaltools.gnu-tools-for-stm32.7-2018-q2-update.win32_1.0.0.201904181610/tools/bin/../lib/gcc/arm-none-eabi/7.3.1/thumb/v7e-m/fpv4-sp/hard\libgcc.a
LOAD c:/st/stm32cubeide_1.3.0/stm32cubeide/plugins/com.st.stm32cube.ide.mcu.externaltools.gnu-tools-for-stm32.7-2018-q2-update.win32_1.0.0.201904181610/tools/bin/../lib/gcc/arm-none-eabi/7.3.1/../../../../arm-none-eabi/lib/thumb/v7e-m/fpv4-sp/hard\libc_nano.a
LOAD c:/st/stm32cubeide_1.3.0/stm32cubeide/plugins/com.st.stm32cube.ide.mcu.externaltools.gnu-tools-for-stm32.7-2018-q2-update.win32_1.0.0.201904181610/tools/bin/../lib/gcc/arm-none-eabi/7.3.1/../../../../arm-none-eabi/lib/thumb/v7e-m/fpv4-sp/hard\libnosys.a
END GROUP
START GROUP
LOAD c:/st/stm32cubeide_1.3.0/stm32cubeide/plugins/com.st.stm32cube.ide.mcu.externaltools.gnu-tools-for-stm32.7-2018-q2-update.win32_1.0.0.201904181610/tools/bin/../lib/gcc/arm-none-eabi/7.3.1/thumb/v7e-m/fpv4-sp/hard\libgcc.a
LOAD c:/st/stm32cubeide_1.3.0/stm32cubeide/plugins/com.st.stm32cube.ide.mcu.externaltools.gnu-tools-for-stm32.7-2018-q2-update.win32_1.0.0.201904181610/tools/bin/../lib/gcc/arm-none-eabi/7.3.1/../../../../arm-none-eabi/lib/thumb/v7e-m/fpv4-sp/hard\libc_nano.a
LOAD c:/st/stm32cubeide_1.3.0/stm32cubeide/plugins/com.st.stm32cube.ide.mcu.externaltools.gnu-tools-for-stm32.7-2018-q2-update.win32_1.0.0.201904181610/tools/bin/../lib/gcc/arm-none-eabi/7.3.1/../../../../arm-none-eabi/lib/thumb/v7e-m/fpv4-sp/hard\libnosys.a
END GROUP
LOAD c:/st/stm32cubeide_1.3.0/stm32cubeide/plugins/com.st.stm32cube.ide.mcu.externaltools.gnu-tools-for-stm32.7-2018-q2-update.win32_1.0.0.201904181610/tools/bin/../lib/gcc/arm-none-eabi/7.3.1/thumb/v7e-m/fpv4-sp/hard/crtend.o
LOAD c:/st/stm32cubeide_1.3.0/stm32cubeide/plugins/com.st.stm32cube.ide.mcu.externaltools.gnu-tools-for-stm32.7-2018-q2-update.win32_1.0.0.201904181610/tools/bin/../lib/gcc/arm-none-eabi/7.3.1/thumb/v7e-m/fpv4-sp/hard/crtn.o
                0x0000000020018000                _estack = (ORIGIN (RAM) + LENGTH (RAM))
                0x0000000000000200                _Min_Heap_Size = 0x200
                0x0000000000000400                _Min_Stack_Size = 0x400

.isr_vector     0x0000000008000000      0x194
                0x0000000008000000                . = ALIGN (0x4)
 *(.isr_vector)
 .isr_vector    0x0000000008000000      0x194 Core/Startup/startup_stm32f401retx.o
                0x0000000008000000                g_pfnVectors
                0x0000000008000194                . = ALIGN (0x4)

.text           0x0000000008000194     0x12c4
                0x0000000008000194                . = ALIGN (0x4)
 *(.text)
 .text          0x0000000008000194       0x40 c:/st/stm32cubeide_1.3.0/stm32cubeide/plugins/com.st.stm32cube.ide.mcu.externaltools.gnu-tools-for-stm32.7-2018-q2-update.win32_1.0.0.201904181610/tools/bin/../lib/gcc/arm-none-eabi/7.3.1/thumb/v7e-m/fpv4-sp/hard/crtbegin.o
 *(.text*)
 .text.SysTick_Handler
                0x00000000080001d4       0x10 Core/Src/it.o
                0x00000000080001d4                SysTick_Handler
 .text.TIM2_IRQHandler
                0x00000000080001e4       0x14 Core/Src/it.o
                0x00000000080001e4                TIM2_IRQHandler
 .text.main     0x00000000080001f8       0x7c Core/Src/main.o
                0x00000000080001f8                main
 .text.Error_handler
                0x0000000008000274        0x6 Core/Src/main.o
                0x0000000008000274                Error_handler
 *fill*         0x000000000800027a        0x2 
 .text.Timer2_Init
                0x000000000800027c       0x80 Core/Src/main.o
                0x000000000800027c                Timer2_Init
 .text.HAL_MspInit
                0x00000000080002fc       0x44 Core/Src/msp.o
                0x00000000080002fc                HAL_MspInit
 .text.HAL_TIM_PWM_MspInit
                0x0000000008000340       0x78 Core/Src/msp.o
                0x0000000008000340                HAL_TIM_PWM_MspInit
 .text.SystemInit
                0x00000000080003b8       0x2c Core/Src/system_stm32f4xx.o
                0x00000000080003b8                SystemInit
 .text.Reset_Handler
                0x00000000080003e4       0x50 Core/Startup/startup_stm32f401retx.o
                0x00000000080003e4                Reset_Handler
 .text.Default_Handler
                0x0000000008000434        0x2 Core/Startup/startup_stm32f401retx.o
                0x0000000008000434                RTC_Alarm_IRQHandler
                0x0000000008000434                EXTI2_IRQHandler
                0x0000000008000434                DebugMon_Handler
                0x0000000008000434                SPI4_IRQHandler
                0x0000000008000434                TIM1_CC_IRQHandler
                0x0000000008000434                DMA2_Stream5_IRQHandler
                0x0000000008000434                HardFault_Handler
                0x0000000008000434                DMA1_Stream5_IRQHandler
                0x0000000008000434                PVD_IRQHandler
                0x0000000008000434                SDIO_IRQHandler
                0x0000000008000434                TAMP_STAMP_IRQHandler
                0x0000000008000434                PendSV_Handler
                0x0000000008000434                NMI_Handler
                0x0000000008000434                EXTI3_IRQHandler
                0x0000000008000434                TIM1_UP_TIM10_IRQHandler
                0x0000000008000434                I2C3_ER_IRQHandler
                0x0000000008000434                EXTI0_IRQHandler
                0x0000000008000434                I2C2_EV_IRQHandler
                0x0000000008000434                DMA1_Stream2_IRQHandler
                0x0000000008000434                FPU_IRQHandler
                0x0000000008000434                UsageFault_Handler
                0x0000000008000434                DMA2_Stream2_IRQHandler
                0x0000000008000434                SPI1_IRQHandler
                0x0000000008000434                TIM1_BRK_TIM9_IRQHandler
                0x0000000008000434                DMA2_Stream3_IRQHandler
                0x0000000008000434                USART6_IRQHandler
                0x0000000008000434                DMA2_Stream0_IRQHandler
                0x0000000008000434                TIM4_IRQHandler
                0x0000000008000434                I2C1_EV_IRQHandler
                0x0000000008000434                DMA1_Stream6_IRQHandler
                0x0000000008000434                DMA1_Stream1_IRQHandler
                0x0000000008000434                TIM3_IRQHandler
                0x0000000008000434                RCC_IRQHandler
                0x0000000008000434                Default_Handler
                0x0000000008000434                EXTI15_10_IRQHandler
                0x0000000008000434                ADC_IRQHandler
                0x0000000008000434                DMA1_Stream7_IRQHandler
                0x0000000008000434                TIM5_IRQHandler
                0x0000000008000434                DMA2_Stream7_IRQHandler
                0x0000000008000434                I2C3_EV_IRQHandler
                0x0000000008000434                EXTI9_5_IRQHandler
                0x0000000008000434                RTC_WKUP_IRQHandler
                0x0000000008000434                SPI2_IRQHandler
                0x0000000008000434                MemManage_Handler
                0x0000000008000434                DMA1_Stream0_IRQHandler
                0x0000000008000434                SVC_Handler
                0x0000000008000434                EXTI4_IRQHandler
                0x0000000008000434                WWDG_IRQHandler
                0x0000000008000434                OTG_FS_WKUP_IRQHandler
                0x0000000008000434                TIM1_TRG_COM_TIM11_IRQHandler
                0x0000000008000434                EXTI1_IRQHandler
                0x0000000008000434                USART2_IRQHandler
                0x0000000008000434                I2C2_ER_IRQHandler
                0x0000000008000434                DMA2_Stream1_IRQHandler
                0x0000000008000434                FLASH_IRQHandler
                0x0000000008000434                DMA2_Stream4_IRQHandler
                0x0000000008000434                BusFault_Handler
                0x0000000008000434                USART1_IRQHandler
                0x0000000008000434                OTG_FS_IRQHandler
                0x0000000008000434                SPI3_IRQHandler
                0x0000000008000434                DMA1_Stream4_IRQHandler
                0x0000000008000434                I2C1_ER_IRQHandler
                0x0000000008000434                DMA2_Stream6_IRQHandler
                0x0000000008000434                DMA1_Stream3_IRQHandler
 *fill*         0x0000000008000436        0x2 
 .text.HAL_Init
                0x0000000008000438       0x44 Drivers/STM32F4xx_HAL_Driver/Src/stm32f4xx_hal.o
                0x0000000008000438                HAL_Init
 .text.HAL_InitTick
                0x000000000800047c       0x60 Drivers/STM32F4xx_HAL_Driver/Src/stm32f4xx_hal.o
                0x000000000800047c                HAL_InitTick
 .text.HAL_IncTick
                0x00000000080004dc       0x28 Drivers/STM32F4xx_HAL_Driver/Src/stm32f4xx_hal.o
                0x00000000080004dc                HAL_IncTick
 .text.HAL_GetTick
                0x0000000008000504       0x18 Drivers/STM32F4xx_HAL_Driver/Src/stm32f4xx_hal.o
                0x0000000008000504                HAL_GetTick
 .text.HAL_Delay
                0x000000000800051c       0x44 Drivers/STM32F4xx_HAL_Driver/Src/stm32f4xx_hal.o
                0x000000000800051c                HAL_Delay
 .text.__NVIC_SetPriorityGrouping
                0x0000000008000560       0x48 Drivers/STM32F4xx_HAL_Driver/Src/stm32f4xx_hal_cortex.o
 .text.__NVIC_GetPriorityGrouping
                0x00000000080005a8       0x1c Drivers/STM32F4xx_HAL_Driver/Src/stm32f4xx_hal_cortex.o
 .text.__NVIC_EnableIRQ
                0x00000000080005c4       0x3c Drivers/STM32F4xx_HAL_Driver/Src/stm32f4xx_hal_cortex.o
 .text.__NVIC_SetPriority
                0x0000000008000600       0x54 Drivers/STM32F4xx_HAL_Driver/Src/stm32f4xx_hal_cortex.o
 .text.NVIC_EncodePriority
                0x0000000008000654       0x66 Drivers/STM32F4xx_HAL_Driver/Src/stm32f4xx_hal_cortex.o
 *fill*         0x00000000080006ba        0x2 
 .text.SysTick_Config
                0x00000000080006bc       0x44 Drivers/STM32F4xx_HAL_Driver/Src/stm32f4xx_hal_cortex.o
 .text.HAL_NVIC_SetPriorityGrouping
                0x0000000008000700       0x16 Drivers/STM32F4xx_HAL_Driver/Src/stm32f4xx_hal_cortex.o
                0x0000000008000700                HAL_NVIC_SetPriorityGrouping
 .text.HAL_NVIC_SetPriority
                0x0000000008000716       0x38 Drivers/STM32F4xx_HAL_Driver/Src/stm32f4xx_hal_cortex.o
                0x0000000008000716                HAL_NVIC_SetPriority
 .text.HAL_NVIC_EnableIRQ
                0x000000000800074e       0x1c Drivers/STM32F4xx_HAL_Driver/Src/stm32f4xx_hal_cortex.o
                0x000000000800074e                HAL_NVIC_EnableIRQ
 .text.HAL_SYSTICK_Config
                0x000000000800076a       0x18 Drivers/STM32F4xx_HAL_Driver/Src/stm32f4xx_hal_cortex.o
                0x000000000800076a                HAL_SYSTICK_Config
 .text.HAL_SYSTICK_IRQHandler
                0x0000000008000782        0xc Drivers/STM32F4xx_HAL_Driver/Src/stm32f4xx_hal_cortex.o
                0x0000000008000782                HAL_SYSTICK_IRQHandler
 .text.HAL_SYSTICK_Callback
                0x000000000800078e        0xe Drivers/STM32F4xx_HAL_Driver/Src/stm32f4xx_hal_cortex.o
                0x000000000800078e                HAL_SYSTICK_Callback
 .text.HAL_GPIO_Init
                0x000000000800079c      0x304 Drivers/STM32F4xx_HAL_Driver/Src/stm32f4xx_hal_gpio.o
                0x000000000800079c                HAL_GPIO_Init
 .text.HAL_TIM_PWM_Init
                0x0000000008000aa0       0x56 Drivers/STM32F4xx_HAL_Driver/Src/stm32f4xx_hal_tim.o
                0x0000000008000aa0                HAL_TIM_PWM_Init
 *fill*         0x0000000008000af6        0x2 
 .text.HAL_TIM_PWM_Start
                0x0000000008000af8       0x64 Drivers/STM32F4xx_HAL_Driver/Src/stm32f4xx_hal_tim.o
                0x0000000008000af8                HAL_TIM_PWM_Start
 .text.HAL_TIM_IRQHandler
                0x0000000008000b5c      0x210 Drivers/STM32F4xx_HAL_Driver/Src/stm32f4xx_hal_tim.o
                0x0000000008000b5c                HAL_TIM_IRQHandler
 .text.HAL_TIM_PWM_ConfigChannel
                0x0000000008000d6c      0x18c Drivers/STM32F4xx_HAL_Driver/Src/stm32f4xx_hal_tim.o
                0x0000000008000d6c                HAL_TIM_PWM_ConfigChannel
 .text.HAL_TIM_PeriodElapsedCallback
                0x0000000008000ef8       0x14 Drivers/STM32F4xx_HAL_Driver/Src/stm32f4xx_hal_tim.o
                0x0000000008000ef8                HAL_TIM_PeriodElapsedCallback
 .text.HAL_TIM_OC_DelayElapsedCallback
                0x0000000008000f0c       0x14 Drivers/STM32F4xx_HAL_Driver/Src/stm32f4xx_hal_tim.o
                0x0000000008000f0c                HAL_TIM_OC_DelayElapsedCallback
 .text.HAL_TIM_IC_CaptureCallback
                0x0000000008000f20       0x14 Drivers/STM32F4xx_HAL_Driver/Src/stm32f4xx_hal_tim.o
                0x0000000008000f20                HAL_TIM_IC_CaptureCallback
 .text.HAL_TIM_PWM_PulseFinishedCallback
                0x0000000008000f34       0x14 Drivers/STM32F4xx_HAL_Driver/Src/stm32f4xx_hal_tim.o
                0x0000000008000f34                HAL_TIM_PWM_PulseFinishedCallback
 .text.HAL_TIM_TriggerCallback
                0x0000000008000f48       0x14 Drivers/STM32F4xx_HAL_Driver/Src/stm32f4xx_hal_tim.o
                0x0000000008000f48                HAL_TIM_TriggerCallback
 .text.TIM_Base_SetConfig
                0x0000000008000f5c      0x100 Drivers/STM32F4xx_HAL_Driver/Src/stm32f4xx_hal_tim.o
                0x0000000008000f5c                TIM_Base_SetConfig
 .text.TIM_OC1_SetConfig
                0x000000000800105c       0xcc Drivers/STM32F4xx_HAL_Driver/Src/stm32f4xx_hal_tim.o
 .text.TIM_OC2_SetConfig
                0x0000000008001128       0xd8 Drivers/STM32F4xx_HAL_Driver/Src/stm32f4xx_hal_tim.o
                0x0000000008001128                TIM_OC2_SetConfig
 .text.TIM_OC3_SetConfig
                0x0000000008001200       0xd4 Drivers/STM32F4xx_HAL_Driver/Src/stm32f4xx_hal_tim.o
 .text.TIM_OC4_SetConfig
                0x00000000080012d4       0xa0 Drivers/STM32F4xx_HAL_Driver/Src/stm32f4xx_hal_tim.o
 .text.TIM_CCxChannelCmd
                0x0000000008001374       0x4a Drivers/STM32F4xx_HAL_Driver/Src/stm32f4xx_hal_tim.o
                0x0000000008001374                TIM_CCxChannelCmd
 .text.HAL_TIMEx_CommutCallback
                0x00000000080013be       0x14 Drivers/STM32F4xx_HAL_Driver/Src/stm32f4xx_hal_tim_ex.o
                0x00000000080013be                HAL_TIMEx_CommutCallback
 .text.HAL_TIMEx_BreakCallback
                0x00000000080013d2       0x14 Drivers/STM32F4xx_HAL_Driver/Src/stm32f4xx_hal_tim_ex.o
                0x00000000080013d2                HAL_TIMEx_BreakCallback
 *fill*         0x00000000080013e6        0x2 
 .text.__libc_init_array
                0x00000000080013e8       0x48 c:/st/stm32cubeide_1.3.0/stm32cubeide/plugins/com.st.stm32cube.ide.mcu.externaltools.gnu-tools-for-stm32.7-2018-q2-update.win32_1.0.0.201904181610/tools/bin/../lib/gcc/arm-none-eabi/7.3.1/../../../../arm-none-eabi/lib/thumb/v7e-m/fpv4-sp/hard\libc_nano.a(lib_a-init.o)
                0x00000000080013e8                __libc_init_array
 .text.memset   0x0000000008001430       0x10 c:/st/stm32cubeide_1.3.0/stm32cubeide/plugins/com.st.stm32cube.ide.mcu.externaltools.gnu-tools-for-stm32.7-2018-q2-update.win32_1.0.0.201904181610/tools/bin/../lib/gcc/arm-none-eabi/7.3.1/../../../../arm-none-eabi/lib/thumb/v7e-m/fpv4-sp/hard\libc_nano.a(lib_a-memset.o)
                0x0000000008001430                memset
 *(.glue_7)
 .glue_7        0x0000000008001440        0x0 linker stubs
 *(.glue_7t)
 .glue_7t       0x0000000008001440        0x0 linker stubs
 *(.eh_frame)
 .eh_frame      0x0000000008001440        0x0 c:/st/stm32cubeide_1.3.0/stm32cubeide/plugins/com.st.stm32cube.ide.mcu.externaltools.gnu-tools-for-stm32.7-2018-q2-update.win32_1.0.0.201904181610/tools/bin/../lib/gcc/arm-none-eabi/7.3.1/thumb/v7e-m/fpv4-sp/hard/crtbegin.o
 *(.init)
 .init          0x0000000008001440        0x4 c:/st/stm32cubeide_1.3.0/stm32cubeide/plugins/com.st.stm32cube.ide.mcu.externaltools.gnu-tools-for-stm32.7-2018-q2-update.win32_1.0.0.201904181610/tools/bin/../lib/gcc/arm-none-eabi/7.3.1/thumb/v7e-m/fpv4-sp/hard/crti.o
                0x0000000008001440                _init
 .init          0x0000000008001444        0x8 c:/st/stm32cubeide_1.3.0/stm32cubeide/plugins/com.st.stm32cube.ide.mcu.externaltools.gnu-tools-for-stm32.7-2018-q2-update.win32_1.0.0.201904181610/tools/bin/../lib/gcc/arm-none-eabi/7.3.1/thumb/v7e-m/fpv4-sp/hard/crtn.o
 *(.fini)
 .fini          0x000000000800144c        0x4 c:/st/stm32cubeide_1.3.0/stm32cubeide/plugins/com.st.stm32cube.ide.mcu.externaltools.gnu-tools-for-stm32.7-2018-q2-update.win32_1.0.0.201904181610/tools/bin/../lib/gcc/arm-none-eabi/7.3.1/thumb/v7e-m/fpv4-sp/hard/crti.o
                0x000000000800144c                _fini
 .fini          0x0000000008001450        0x8 c:/st/stm32cubeide_1.3.0/stm32cubeide/plugins/com.st.stm32cube.ide.mcu.externaltools.gnu-tools-for-stm32.7-2018-q2-update.win32_1.0.0.201904181610/tools/bin/../lib/gcc/arm-none-eabi/7.3.1/thumb/v7e-m/fpv4-sp/hard/crtn.o
                0x0000000008001458                . = ALIGN (0x4)
                0x0000000008001458                _etext = .

.vfp11_veneer   0x0000000008001458        0x0
 .vfp11_veneer  0x0000000008001458        0x0 linker stubs

.v4_bx          0x0000000008001458        0x0
 .v4_bx         0x0000000008001458        0x0 linker stubs

.iplt           0x0000000008001458        0x0
 .iplt          0x0000000008001458        0x0 c:/st/stm32cubeide_1.3.0/stm32cubeide/plugins/com.st.stm32cube.ide.mcu.externaltools.gnu-tools-for-stm32.7-2018-q2-update.win32_1.0.0.201904181610/tools/bin/../lib/gcc/arm-none-eabi/7.3.1/thumb/v7e-m/fpv4-sp/hard/crtbegin.o

.rel.dyn        0x0000000008001458        0x0
 .rel.iplt      0x0000000008001458        0x0 c:/st/stm32cubeide_1.3.0/stm32cubeide/plugins/com.st.stm32cube.ide.mcu.externaltools.gnu-tools-for-stm32.7-2018-q2-update.win32_1.0.0.201904181610/tools/bin/../lib/gcc/arm-none-eabi/7.3.1/thumb/v7e-m/fpv4-sp/hard/crtbegin.o

.rodata         0x0000000008001458        0x0
                0x0000000008001458                . = ALIGN (0x4)
 *(.rodata)
 *(.rodata*)
                0x0000000008001458                . = ALIGN (0x4)

.ARM.extab      0x0000000008001458        0x0
                0x0000000008001458                . = ALIGN (0x4)
 *(.ARM.extab* .gnu.linkonce.armextab.*)
                0x0000000008001458                . = ALIGN (0x4)

.ARM            0x0000000008001458        0x0
                0x0000000008001458                . = ALIGN (0x4)
                0x0000000008001458                __exidx_start = .
 *(.ARM.exidx*)
                0x0000000008001458                __exidx_end = .
                0x0000000008001458                . = ALIGN (0x4)

.preinit_array  0x0000000008001458        0x0
                0x0000000008001458                . = ALIGN (0x4)
                0x0000000008001458                PROVIDE (__preinit_array_start = .)
 *(.preinit_array*)
                0x0000000008001458                PROVIDE (__preinit_array_end = .)
                0x0000000008001458                . = ALIGN (0x4)

.init_array     0x0000000008001458        0x4
                0x0000000008001458                . = ALIGN (0x4)
                0x0000000008001458                PROVIDE (__init_array_start = .)
 *(SORT_BY_NAME(.init_array.*))
 *(.init_array*)
 .init_array    0x0000000008001458        0x4 c:/st/stm32cubeide_1.3.0/stm32cubeide/plugins/com.st.stm32cube.ide.mcu.externaltools.gnu-tools-for-stm32.7-2018-q2-update.win32_1.0.0.201904181610/tools/bin/../lib/gcc/arm-none-eabi/7.3.1/thumb/v7e-m/fpv4-sp/hard/crtbegin.o
                0x000000000800145c                PROVIDE (__init_array_end = .)
                0x000000000800145c                . = ALIGN (0x4)

.fini_array     0x000000000800145c        0x4
                0x000000000800145c                . = ALIGN (0x4)
                [!provide]                        PROVIDE (__fini_array_start = .)
 *(SORT_BY_NAME(.fini_array.*))
 *(.fini_array*)
 .fini_array    0x000000000800145c        0x4 c:/st/stm32cubeide_1.3.0/stm32cubeide/plugins/com.st.stm32cube.ide.mcu.externaltools.gnu-tools-for-stm32.7-2018-q2-update.win32_1.0.0.201904181610/tools/bin/../lib/gcc/arm-none-eabi/7.3.1/thumb/v7e-m/fpv4-sp/hard/crtbegin.o
                [!provide]                        PROVIDE (__fini_array_end = .)
                0x0000000008001460                . = ALIGN (0x4)
                0x0000000008001460                _sidata = LOADADDR (.data)

.data           0x0000000020000000        0xc load address 0x0000000008001460
                0x0000000020000000                . = ALIGN (0x4)
                0x0000000020000000                _sdata = .
 *(.data)
 *(.data*)
 .data.SystemCoreClock
                0x0000000020000000        0x4 Core/Src/system_stm32f4xx.o
                0x0000000020000000                SystemCoreClock
 .data.uwTickPrio
                0x0000000020000004        0x4 Drivers/STM32F4xx_HAL_Driver/Src/stm32f4xx_hal.o
                0x0000000020000004                uwTickPrio
 .data.uwTickFreq
                0x0000000020000008        0x1 Drivers/STM32F4xx_HAL_Driver/Src/stm32f4xx_hal.o
                0x0000000020000008                uwTickFreq
                0x000000002000000c                . = ALIGN (0x4)
 *fill*         0x0000000020000009        0x3 
                0x000000002000000c                _edata = .

.igot.plt       0x000000002000000c        0x0 load address 0x000000000800146c
 .igot.plt      0x000000002000000c        0x0 c:/st/stm32cubeide_1.3.0/stm32cubeide/plugins/com.st.stm32cube.ide.mcu.externaltools.gnu-tools-for-stm32.7-2018-q2-update.win32_1.0.0.201904181610/tools/bin/../lib/gcc/arm-none-eabi/7.3.1/thumb/v7e-m/fpv4-sp/hard/crtbegin.o
                0x000000002000000c                . = ALIGN (0x4)

.bss            0x000000002000000c       0x64 load address 0x000000000800146c
                0x000000002000000c                _sbss = .
                0x000000002000000c                __bss_start__ = _sbss
 *(.bss)
 .bss           0x000000002000000c       0x1c c:/st/stm32cubeide_1.3.0/stm32cubeide/plugins/com.st.stm32cube.ide.mcu.externaltools.gnu-tools-for-stm32.7-2018-q2-update.win32_1.0.0.201904181610/tools/bin/../lib/gcc/arm-none-eabi/7.3.1/thumb/v7e-m/fpv4-sp/hard/crtbegin.o
 *(.bss*)
 *(COMMON)
 COMMON         0x0000000020000028       0x44 Core/Src/main.o
                0x0000000020000028                pulse
                0x000000002000002c                hTimer2
 COMMON         0x000000002000006c        0x4 Drivers/STM32F4xx_HAL_Driver/Src/stm32f4xx_hal.o
                0x000000002000006c                uwTick
                0x0000000020000070                . = ALIGN (0x4)
                0x0000000020000070                _ebss = .
                0x0000000020000070                __bss_end__ = _ebss

._user_heap_stack
                0x0000000020000070      0x600 load address 0x000000000800146c
                0x0000000020000070                . = ALIGN (0x8)
                [!provide]                        PROVIDE (end = .)
                [!provide]                        PROVIDE (_end = .)
                0x0000000020000270                . = (. + _Min_Heap_Size)
 *fill*         0x0000000020000070      0x200 
                0x0000000020000670                . = (. + _Min_Stack_Size)
 *fill*         0x0000000020000270      0x400 
                0x0000000020000670                . = ALIGN (0x8)

/DISCARD/
 libc.a(*)
 libm.a(*)
 libgcc.a(*)

.ARM.attributes
                0x0000000000000000       0x30
 *(.ARM.attributes)
 .ARM.attributes
                0x0000000000000000       0x22 c:/st/stm32cubeide_1.3.0/stm32cubeide/plugins/com.st.stm32cube.ide.mcu.externaltools.gnu-tools-for-stm32.7-2018-q2-update.win32_1.0.0.201904181610/tools/bin/../lib/gcc/arm-none-eabi/7.3.1/thumb/v7e-m/fpv4-sp/hard/crti.o
 .ARM.attributes
                0x0000000000000022       0x34 c:/st/stm32cubeide_1.3.0/stm32cubeide/plugins/com.st.stm32cube.ide.mcu.externaltools.gnu-tools-for-stm32.7-2018-q2-update.win32_1.0.0.201904181610/tools/bin/../lib/gcc/arm-none-eabi/7.3.1/thumb/v7e-m/fpv4-sp/hard/crtbegin.o
 .ARM.attributes
                0x0000000000000056       0x39 Core/Src/it.o
 .ARM.attributes
                0x000000000000008f       0x39 Core/Src/main.o
 .ARM.attributes
                0x00000000000000c8       0x39 Core/Src/msp.o
 .ARM.attributes
                0x0000000000000101       0x39 Core/Src/system_stm32f4xx.o
 .ARM.attributes
                0x000000000000013a       0x21 Core/Startup/startup_stm32f401retx.o
 .ARM.attributes
                0x000000000000015b       0x39 Drivers/STM32F4xx_HAL_Driver/Src/stm32f4xx_hal.o
 .ARM.attributes
                0x0000000000000194       0x39 Drivers/STM32F4xx_HAL_Driver/Src/stm32f4xx_hal_cortex.o
 .ARM.attributes
                0x00000000000001cd       0x39 Drivers/STM32F4xx_HAL_Driver/Src/stm32f4xx_hal_gpio.o
 .ARM.attributes
                0x0000000000000206       0x39 Drivers/STM32F4xx_HAL_Driver/Src/stm32f4xx_hal_tim.o
 .ARM.attributes
                0x000000000000023f       0x39 Drivers/STM32F4xx_HAL_Driver/Src/stm32f4xx_hal_tim_ex.o
 .ARM.attributes
                0x0000000000000278       0x34 c:/st/stm32cubeide_1.3.0/stm32cubeide/plugins/com.st.stm32cube.ide.mcu.externaltools.gnu-tools-for-stm32.7-2018-q2-update.win32_1.0.0.201904181610/tools/bin/../lib/gcc/arm-none-eabi/7.3.1/../../../../arm-none-eabi/lib/thumb/v7e-m/fpv4-sp/hard\libc_nano.a(lib_a-init.o)
 .ARM.attributes
                0x00000000000002ac       0x34 c:/st/stm32cubeide_1.3.0/stm32cubeide/plugins/com.st.stm32cube.ide.mcu.externaltools.gnu-tools-for-stm32.7-2018-q2-update.win32_1.0.0.201904181610/tools/bin/../lib/gcc/arm-none-eabi/7.3.1/../../../../arm-none-eabi/lib/thumb/v7e-m/fpv4-sp/hard\libc_nano.a(lib_a-memset.o)
 .ARM.attributes
                0x00000000000002e0       0x22 c:/st/stm32cubeide_1.3.0/stm32cubeide/plugins/com.st.stm32cube.ide.mcu.externaltools.gnu-tools-for-stm32.7-2018-q2-update.win32_1.0.0.201904181610/tools/bin/../lib/gcc/arm-none-eabi/7.3.1/thumb/v7e-m/fpv4-sp/hard/crtn.o
OUTPUT(Timer_PWM.elf elf32-littlearm)

.debug_info     0x0000000000000000     0x7c28
 .debug_info    0x0000000000000000      0x65b Core/Src/it.o
 .debug_info    0x000000000000065b      0xf4e Core/Src/main.o
 .debug_info    0x00000000000015a9      0xcb8 Core/Src/msp.o
 .debug_info    0x0000000000002261      0x57e Core/Src/system_stm32f4xx.o
 .debug_info    0x00000000000027df       0x22 Core/Startup/startup_stm32f401retx.o
 .debug_info    0x0000000000002801      0x8ce Drivers/STM32F4xx_HAL_Driver/Src/stm32f4xx_hal.o
 .debug_info    0x00000000000030cf      0xd92 Drivers/STM32F4xx_HAL_Driver/Src/stm32f4xx_hal_cortex.o
 .debug_info    0x0000000000003e61      0x7d7 Drivers/STM32F4xx_HAL_Driver/Src/stm32f4xx_hal_gpio.o
 .debug_info    0x0000000000004638     0x24a1 Drivers/STM32F4xx_HAL_Driver/Src/stm32f4xx_hal_tim.o
 .debug_info    0x0000000000006ad9     0x114f Drivers/STM32F4xx_HAL_Driver/Src/stm32f4xx_hal_tim_ex.o

.debug_abbrev   0x0000000000000000     0x115c
 .debug_abbrev  0x0000000000000000      0x151 Core/Src/it.o
 .debug_abbrev  0x0000000000000151      0x207 Core/Src/main.o
 .debug_abbrev  0x0000000000000358      0x1a6 Core/Src/msp.o
 .debug_abbrev  0x00000000000004fe      0x12b Core/Src/system_stm32f4xx.o
 .debug_abbrev  0x0000000000000629       0x12 Core/Startup/startup_stm32f401retx.o
 .debug_abbrev  0x000000000000063b      0x1f2 Drivers/STM32F4xx_HAL_Driver/Src/stm32f4xx_hal.o
 .debug_abbrev  0x000000000000082d      0x2fa Drivers/STM32F4xx_HAL_Driver/Src/stm32f4xx_hal_cortex.o
 .debug_abbrev  0x0000000000000b27      0x1c9 Drivers/STM32F4xx_HAL_Driver/Src/stm32f4xx_hal_gpio.o
 .debug_abbrev  0x0000000000000cf0      0x23f Drivers/STM32F4xx_HAL_Driver/Src/stm32f4xx_hal_tim.o
 .debug_abbrev  0x0000000000000f2f      0x22d Drivers/STM32F4xx_HAL_Driver/Src/stm32f4xx_hal_tim_ex.o

.debug_aranges  0x0000000000000000      0x828
 .debug_aranges
                0x0000000000000000       0x28 Core/Src/it.o
 .debug_aranges
                0x0000000000000028       0x30 Core/Src/main.o
 .debug_aranges
                0x0000000000000058       0x28 Core/Src/msp.o
 .debug_aranges
                0x0000000000000080       0x28 Core/Src/system_stm32f4xx.o
 .debug_aranges
                0x00000000000000a8       0x28 Core/Startup/startup_stm32f401retx.o
 .debug_aranges
                0x00000000000000d0       0xf0 Drivers/STM32F4xx_HAL_Driver/Src/stm32f4xx_hal.o
 .debug_aranges
                0x00000000000001c0      0x118 Drivers/STM32F4xx_HAL_Driver/Src/stm32f4xx_hal_cortex.o
 .debug_aranges
                0x00000000000002d8       0x58 Drivers/STM32F4xx_HAL_Driver/Src/stm32f4xx_hal_gpio.o
 .debug_aranges
                0x0000000000000330      0x3a8 Drivers/STM32F4xx_HAL_Driver/Src/stm32f4xx_hal_tim.o
 .debug_aranges
                0x00000000000006d8      0x150 Drivers/STM32F4xx_HAL_Driver/Src/stm32f4xx_hal_tim_ex.o

.debug_ranges   0x0000000000000000      0x790
 .debug_ranges  0x0000000000000000       0x18 Core/Src/it.o
 .debug_ranges  0x0000000000000018       0x20 Core/Src/main.o
 .debug_ranges  0x0000000000000038       0x18 Core/Src/msp.o
 .debug_ranges  0x0000000000000050       0x18 Core/Src/system_stm32f4xx.o
 .debug_ranges  0x0000000000000068       0x20 Core/Startup/startup_stm32f401retx.o
 .debug_ranges  0x0000000000000088       0xe0 Drivers/STM32F4xx_HAL_Driver/Src/stm32f4xx_hal.o
 .debug_ranges  0x0000000000000168      0x108 Drivers/STM32F4xx_HAL_Driver/Src/stm32f4xx_hal_cortex.o
 .debug_ranges  0x0000000000000270       0x48 Drivers/STM32F4xx_HAL_Driver/Src/stm32f4xx_hal_gpio.o
 .debug_ranges  0x00000000000002b8      0x398 Drivers/STM32F4xx_HAL_Driver/Src/stm32f4xx_hal_tim.o
 .debug_ranges  0x0000000000000650      0x140 Drivers/STM32F4xx_HAL_Driver/Src/stm32f4xx_hal_tim_ex.o

.debug_macro    0x0000000000000000    0x1579a
 .debug_macro   0x0000000000000000      0x1dd Core/Src/it.o
 .debug_macro   0x00000000000001dd      0xa5a Core/Src/it.o
 .debug_macro   0x0000000000000c37      0x18a Core/Src/it.o
 .debug_macro   0x0000000000000dc1       0x2e Core/Src/it.o
 .debug_macro   0x0000000000000def       0x28 Core/Src/it.o
 .debug_macro   0x0000000000000e17       0x22 Core/Src/it.o
 .debug_macro   0x0000000000000e39       0x8e Core/Src/it.o
 .debug_macro   0x0000000000000ec7       0x51 Core/Src/it.o
 .debug_macro   0x0000000000000f18       0xef Core/Src/it.o
 .debug_macro   0x0000000000001007       0x6a Core/Src/it.o
 .debug_macro   0x0000000000001071      0x1df Core/Src/it.o
 .debug_macro   0x0000000000001250       0x1c Core/Src/it.o
 .debug_macro   0x000000000000126c       0x22 Core/Src/it.o
 .debug_macro   0x000000000000128e       0xdf Core/Src/it.o
 .debug_macro   0x000000000000136d     0x102d Core/Src/it.o
 .debug_macro   0x000000000000239a      0x11f Core/Src/it.o
 .debug_macro   0x00000000000024b9     0xb850 Core/Src/it.o
 .debug_macro   0x000000000000dd09       0x43 Core/Src/it.o
 .debug_macro   0x000000000000dd4c     0x3659 Core/Src/it.o
 .debug_macro   0x00000000000113a5      0x174 Core/Src/it.o
 .debug_macro   0x0000000000011519       0x5a Core/Src/it.o
 .debug_macro   0x0000000000011573      0x416 Core/Src/it.o
 .debug_macro   0x0000000000011989      0x9fe Core/Src/it.o
 .debug_macro   0x0000000000012387      0x15f Core/Src/it.o
 .debug_macro   0x00000000000124e6      0x117 Core/Src/it.o
 .debug_macro   0x00000000000125fd       0xf8 Core/Src/it.o
 .debug_macro   0x00000000000126f5       0x27 Core/Src/it.o
 .debug_macro   0x000000000001271c      0x287 Core/Src/it.o
 .debug_macro   0x00000000000129a3       0x5f Core/Src/it.o
 .debug_macro   0x0000000000012a02      0x236 Core/Src/it.o
 .debug_macro   0x0000000000012c38      0x132 Core/Src/it.o
 .debug_macro   0x0000000000012d6a      0x264 Core/Src/it.o
 .debug_macro   0x0000000000012fce       0x2e Core/Src/it.o
 .debug_macro   0x0000000000012ffc      0x11a Core/Src/it.o
 .debug_macro   0x0000000000013116       0x85 Core/Src/it.o
 .debug_macro   0x000000000001319b       0x89 Core/Src/it.o
 .debug_macro   0x0000000000013224      0x8a0 Core/Src/it.o
 .debug_macro   0x0000000000013ac4       0x47 Core/Src/it.o
 .debug_macro   0x0000000000013b0b      0x287 Core/Src/it.o
 .debug_macro   0x0000000000013d92      0x126 Core/Src/it.o
 .debug_macro   0x0000000000013eb8       0x10 Core/Src/it.o
 .debug_macro   0x0000000000013ec8      0x298 Core/Src/main.o
 .debug_macro   0x0000000000014160       0x40 Core/Src/main.o
 .debug_macro   0x00000000000141a0       0x18 Core/Src/main.o
 .debug_macro   0x00000000000141b8       0x94 Core/Src/main.o
 .debug_macro   0x000000000001424c       0x3c Core/Src/main.o
 .debug_macro   0x0000000000014288       0x34 Core/Src/main.o
 .debug_macro   0x00000000000142bc       0x57 Core/Src/main.o
 .debug_macro   0x0000000000014313       0x52 Core/Src/main.o
 .debug_macro   0x0000000000014365       0x1f Core/Src/main.o
 .debug_macro   0x0000000000014384       0x43 Core/Src/main.o
 .debug_macro   0x00000000000143c7       0x20 Core/Src/main.o
 .debug_macro   0x00000000000143e7      0x1a3 Core/Src/main.o
 .debug_macro   0x000000000001458a      0x330 Core/Src/main.o
 .debug_macro   0x00000000000148ba       0x10 Core/Src/main.o
 .debug_macro   0x00000000000148ca       0x35 Core/Src/main.o
 .debug_macro   0x00000000000148ff       0x20 Core/Src/main.o
 .debug_macro   0x000000000001491f       0xd9 Core/Src/main.o
 .debug_macro   0x00000000000149f8       0x54 Core/Src/main.o
 .debug_macro   0x0000000000014a4c      0x1dd Core/Src/msp.o
 .debug_macro   0x0000000000014c29      0x1d4 Core/Src/system_stm32f4xx.o
 .debug_macro   0x0000000000014dfd      0x22e Drivers/STM32F4xx_HAL_Driver/Src/stm32f4xx_hal.o
 .debug_macro   0x000000000001502b      0x1ce Drivers/STM32F4xx_HAL_Driver/Src/stm32f4xx_hal_cortex.o
 .debug_macro   0x00000000000151f9      0x204 Drivers/STM32F4xx_HAL_Driver/Src/stm32f4xx_hal_gpio.o
 .debug_macro   0x00000000000153fd      0x1cf Drivers/STM32F4xx_HAL_Driver/Src/stm32f4xx_hal_tim.o
 .debug_macro   0x00000000000155cc      0x1ce Drivers/STM32F4xx_HAL_Driver/Src/stm32f4xx_hal_tim_ex.o

.debug_line     0x0000000000000000     0x5c9e
 .debug_line    0x0000000000000000      0x6c0 Core/Src/it.o
 .debug_line    0x00000000000006c0      0x845 Core/Src/main.o
 .debug_line    0x0000000000000f05      0x6cb Core/Src/msp.o
 .debug_line    0x00000000000015d0      0x6dc Core/Src/system_stm32f4xx.o
 .debug_line    0x0000000000001cac       0x85 Core/Startup/startup_stm32f401retx.o
 .debug_line    0x0000000000001d31      0x8c6 Drivers/STM32F4xx_HAL_Driver/Src/stm32f4xx_hal.o
 .debug_line    0x00000000000025f7      0x9ea Drivers/STM32F4xx_HAL_Driver/Src/stm32f4xx_hal_cortex.o
 .debug_line    0x0000000000002fe1      0x869 Drivers/STM32F4xx_HAL_Driver/Src/stm32f4xx_hal_gpio.o
 .debug_line    0x000000000000384a     0x1783 Drivers/STM32F4xx_HAL_Driver/Src/stm32f4xx_hal_tim.o
 .debug_line    0x0000000000004fcd      0xcd1 Drivers/STM32F4xx_HAL_Driver/Src/stm32f4xx_hal_tim_ex.o

.debug_str      0x0000000000000000    0x89991
 .debug_str     0x0000000000000000    0x8460e Core/Src/it.o
                                      0x8490a (size before relaxing)
 .debug_str     0x000000000008460e     0x3001 Core/Src/main.o
                                      0x8792f (size before relaxing)
 .debug_str     0x000000000008760f      0x57f Core/Src/msp.o
                                      0x84e73 (size before relaxing)
 .debug_str     0x0000000000087b8e       0x70 Core/Src/system_stm32f4xx.o
                                      0x84668 (size before relaxing)
 .debug_str     0x0000000000087bfe       0x36 Core/Startup/startup_stm32f401retx.o
                                         0x76 (size before relaxing)
 .debug_str     0x0000000000087c34      0x58d Drivers/STM32F4xx_HAL_Driver/Src/stm32f4xx_hal.o
                                      0x84fd3 (size before relaxing)
 .debug_str     0x00000000000881c1      0x3a8 Drivers/STM32F4xx_HAL_Driver/Src/stm32f4xx_hal_cortex.o
                                      0x84db0 (size before relaxing)
 .debug_str     0x0000000000088569      0x228 Drivers/STM32F4xx_HAL_Driver/Src/stm32f4xx_hal_gpio.o
                                      0x848a7 (size before relaxing)
 .debug_str     0x0000000000088791      0xd14 Drivers/STM32F4xx_HAL_Driver/Src/stm32f4xx_hal_tim.o
                                      0x85762 (size before relaxing)
 .debug_str     0x00000000000894a5      0x4ec Drivers/STM32F4xx_HAL_Driver/Src/stm32f4xx_hal_tim_ex.o
                                      0x84f62 (size before relaxing)

.comment        0x0000000000000000       0x7b
 .comment       0x0000000000000000       0x7b Core/Src/it.o
                                         0x7c (size before relaxing)
 .comment       0x000000000000007b       0x7c Core/Src/main.o
 .comment       0x000000000000007b       0x7c Core/Src/msp.o
 .comment       0x000000000000007b       0x7c Core/Src/system_stm32f4xx.o
 .comment       0x000000000000007b       0x7c Drivers/STM32F4xx_HAL_Driver/Src/stm32f4xx_hal.o
 .comment       0x000000000000007b       0x7c Drivers/STM32F4xx_HAL_Driver/Src/stm32f4xx_hal_cortex.o
 .comment       0x000000000000007b       0x7c Drivers/STM32F4xx_HAL_Driver/Src/stm32f4xx_hal_gpio.o
 .comment       0x000000000000007b       0x7c Drivers/STM32F4xx_HAL_Driver/Src/stm32f4xx_hal_tim.o
 .comment       0x000000000000007b       0x7c Drivers/STM32F4xx_HAL_Driver/Src/stm32f4xx_hal_tim_ex.o

.debug_frame    0x0000000000000000     0x21a4
 .debug_frame   0x0000000000000000       0x48 Core/Src/it.o
 .debug_frame   0x0000000000000048       0x68 Core/Src/main.o
 .debug_frame   0x00000000000000b0       0x50 Core/Src/msp.o
 .debug_frame   0x0000000000000100       0x58 Core/Src/system_stm32f4xx.o
 .debug_frame   0x0000000000000158      0x374 Drivers/STM32F4xx_HAL_Driver/Src/stm32f4xx_hal.o
 .debug_frame   0x00000000000004cc      0x498 Drivers/STM32F4xx_HAL_Driver/Src/stm32f4xx_hal_cortex.o
 .debug_frame   0x0000000000000964      0x14c Drivers/STM32F4xx_HAL_Driver/Src/stm32f4xx_hal_gpio.o
 .debug_frame   0x0000000000000ab0     0x10e8 Drivers/STM32F4xx_HAL_Driver/Src/stm32f4xx_hal_tim.o
 .debug_frame   0x0000000000001b98      0x5c0 Drivers/STM32F4xx_HAL_Driver/Src/stm32f4xx_hal_tim_ex.o
 .debug_frame   0x0000000000002158       0x2c c:/st/stm32cubeide_1.3.0/stm32cubeide/plugins/com.st.stm32cube.ide.mcu.externaltools.gnu-tools-for-stm32.7-2018-q2-update.win32_1.0.0.201904181610/tools/bin/../lib/gcc/arm-none-eabi/7.3.1/../../../../arm-none-eabi/lib/thumb/v7e-m/fpv4-sp/hard\libc_nano.a(lib_a-init.o)
 .debug_frame   0x0000000000002184       0x20 c:/st/stm32cubeide_1.3.0/stm32cubeide/plugins/com.st.stm32cube.ide.mcu.externaltools.gnu-tools-for-stm32.7-2018-q2-update.win32_1.0.0.201904181610/tools/bin/../lib/gcc/arm-none-eabi/7.3.1/../../../../arm-none-eabi/lib/thumb/v7e-m/fpv4-sp/hard\libc_nano.a(lib_a-memset.o)
