18:16:36 **** Incremental Build of configuration Debug for project Example2 ****
make -j8 all 
arm-none-eabi-gcc "../Core/Src/main.c" -mcpu=cortex-m4 -std=gnu11 -g3 -DUSE_HAL_DRIVER -DSTM32F401xE -DDEBUG -c -I../Drivers/CMSIS/Include -I../Drivers/STM32F4xx_HAL_Driver/Inc -I../Core/Inc -I../Drivers/CMSIS/Device/ST/STM32F4xx/Include -I../Drivers/STM32F4xx_HAL_Driver/Inc/Legacy -O0 -ffunction-sections -fdata-sections -Wall -fstack-usage -MMD -MP -MF"Core/Src/main.d" -MT"Core/Src/main.o" --specs=nano.specs -mfpu=fpv4-sp-d16 -mfloat-abi=hard -mthumb -o "Core/Src/main.o"
arm-none-eabi-gcc -o "Example2.elf" @"objects.list"   -mcpu=cortex-m4 -T"E:\STM32F401RE Nucleo\NUCLEO-F401RE HAL Projects\UART\Example2\STM32F401RETX_FLASH.ld" --specs=nosys.specs -Wl,-Map="Example2.map" -Wl,--gc-sections -static --specs=nano.specs -mfpu=fpv4-sp-d16 -mfloat-abi=hard -mthumb -Wl,--start-group -lc -lm -Wl,--end-group
Finished building target: Example2.elf
 
arm-none-eabi-objdump -h -S  Example2.elf  > "Example2.list"
arm-none-eabi-objcopy  -O binary  Example2.elf  "Example2.bin"
arm-none-eabi-size   Example2.elf 
   text	   data	    bss	    dec	    hex	filename
   7216	     24	   1744	   8984	   2318	Example2.elf
Finished building: default.size.stdout
 
Finished building: Example2.bin
 
Finished building: Example2.list
 

18:16:37 Build Finished. 0 errors, 0 warnings. (took 1s.48ms)

